[      0s] furusekazufumi/rint-s1-n64: running (no output yet)
[      1s] furusekazufumi/rint-s1-n128: running (no output yet)
[      1s] furusekazufumi/rint-s1-n256: not ready (HTTPError)
[    152s] furusekazufumi/rint-s1-n64: running (no output yet)
[    153s] furusekazufumi/rint-s1-n128: running (no output yet)
[    153s] furusekazufumi/rint-s1-n256: not ready (HTTPError)
[    305s] furusekazufumi/rint-s1-n64: status=done records=8
  stage1_verdict: {"n": 64, "S1_NONE_death_active": {"none_death_rate": 0.465625, "pass": true, "note": "death regime active (>=5%)"}, "S2_tautology_nonapplicable": {"never_touched_frac": 0.0, "pass": true, "note": "non-tautological (some seed touches death)"}, "S3_gate_silence": {"admit_core_active": 0, "admit_core_steps": 108, "pass": true, "note": "C14 gated silence OK"}, "S5_egrad_window_max_rho": 1.091106955070314, "go_stage2": true}
  wall=254s for 8 records = 31.8s/record
[    305s] furusekazufumi/rint-s1-n128: running (no output yet)
[    306s] furusekazufumi/rint-s1-n256: not ready (HTTPError)
[    456s] furusekazufumi/rint-s1-n128: running (no output yet)
[    456s] furusekazufumi/rint-s1-n256: not ready (HTTPError)
[    607s] furusekazufumi/rint-s1-n128: running (no output yet)
[    607s] furusekazufumi/rint-s1-n256: not ready (HTTPError)
[    757s] furusekazufumi/rint-s1-n128: running (no output yet)
[    757s] furusekazufumi/rint-s1-n256: not ready (HTTPError)
[    909s] furusekazufumi/rint-s1-n128: status=done records=8
  stage1_verdict: {"n": 128, "S1_NONE_death_active": {"none_death_rate": 0.859375, "pass": true, "note": "death regime active (>=5%)"}, "S2_tautology_nonapplicable": {"never_touched_frac": 0.0, "pass": true, "note": "non-tautological (some seed touches death)"}, "S3_gate_silence": {"admit_core_active": 0, "admit_core_steps": 21, "pass": true, "note": "C14 gated silence OK"}, "S5_egrad_window_max_rho": 1.2117003458986746, "go_stage2": true}
  wall=969s for 8 records = 121.1s/record
[    910s] furusekazufumi/rint-s1-n256: not ready (HTTPError)
[   1060s] furusekazufumi/rint-s1-n256: not ready (HTTPError)
[   1211s] furusekazufumi/rint-s1-n256: not ready (HTTPError)
[   1361s] furusekazufumi/rint-s1-n256: not ready (HTTPError)
[   1512s] furusekazufumi/rint-s1-n256: not ready (HTTPError)
[   1662s] furusekazufumi/rint-s1-n256: not ready (HTTPError)
[   1813s] furusekazufumi/rint-s1-n256: not ready (HTTPError)
[   1963s] furusekazufumi/rint-s1-n256: not ready (HTTPError)
[   2114s] furusekazufumi/rint-s1-n256: not ready (HTTPError)
[   2264s] furusekazufumi/rint-s1-n256: not ready (HTTPError)
[   2414s] furusekazufumi/rint-s1-n256: not ready (HTTPError)
[   2564s] furusekazufumi/rint-s1-n256: not ready (HTTPError)
[   2715s] furusekazufumi/rint-s1-n256: not ready (HTTPError)
[   2865s] furusekazufumi/rint-s1-n256: not ready (HTTPError)
[   3015s] furusekazufumi/rint-s1-n256: not ready (HTTPError)
[   3165s] furusekazufumi/rint-s1-n256: not ready (HTTPError)
[   3316s] furusekazufumi/rint-s1-n256: not ready (HTTPError)
[   3467s] furusekazufumi/rint-s1-n256: not ready (HTTPError)
[   3617s] furusekazufumi/rint-s1-n256: not ready (HTTPError)
[   3767s] furusekazufumi/rint-s1-n256: not ready (HTTPError)
[   3917s] furusekazufumi/rint-s1-n256: not ready (HTTPError)
[   4068s] furusekazufumi/rint-s1-n256: not ready (HTTPError)
[   4218s] furusekazufumi/rint-s1-n256: not ready (HTTPError)
[   4368s] furusekazufumi/rint-s1-n256: not ready (HTTPError)
[   4519s] furusekazufumi/rint-s1-n256: not ready (HTTPError)
[   4669s] furusekazufumi/rint-s1-n256: not ready (HTTPError)
[   4820s] furusekazufumi/rint-s1-n256: not ready (HTTPError)
[   4971s] furusekazufumi/rint-s1-n256: not ready (HTTPError)
[   5121s] furusekazufumi/rint-s1-n256: not ready (HTTPError)
[   5271s] furusekazufumi/rint-s1-n256: not ready (HTTPError)
[   5422s] furusekazufumi/rint-s1-n256: not ready (HTTPError)
[   5572s] furusekazufumi/rint-s1-n256: not ready (HTTPError)
[   5723s] furusekazufumi/rint-s1-n256: not ready (HTTPError)
[   5873s] furusekazufumi/rint-s1-n256: not ready (HTTPError)
[   6024s] furusekazufumi/rint-s1-n256: not ready (HTTPError)
[   6174s] furusekazufumi/rint-s1-n256: not ready (HTTPError)
[   6324s] furusekazufumi/rint-s1-n256: not ready (HTTPError)
[   6475s] furusekazufumi/rint-s1-n256: not ready (HTTPError)
[   6625s] furusekazufumi/rint-s1-n256: not ready (HTTPError)
[   6775s] furusekazufumi/rint-s1-n256: not ready (HTTPError)
[   6926s] furusekazufumi/rint-s1-n256: not ready (HTTPError)
[   7077s] furusekazufumi/rint-s1-n256: not ready (HTTPError)
[   7227s] furusekazufumi/rint-s1-n256: not ready (HTTPError)
[   7377s] furusekazufumi/rint-s1-n256: not ready (HTTPError)
[   7528s] furusekazufumi/rint-s1-n256: not ready (HTTPError)
[   7679s] furusekazufumi/rint-s1-n256: not ready (HTTPError)
[   7829s] furusekazufumi/rint-s1-n256: not ready (HTTPError)
[   7980s] furusekazufumi/rint-s1-n256: not ready (HTTPError)
[   8130s] furusekazufumi/rint-s1-n256: not ready (HTTPError)
[   8281s] furusekazufumi/rint-s1-n256: not ready (HTTPError)
[   8431s] furusekazufumi/rint-s1-n256: not ready (HTTPError)
[   8581s] furusekazufumi/rint-s1-n256: not ready (HTTPError)
[   8732s] furusekazufumi/rint-s1-n256: not ready (HTTPError)
[   8882s] furusekazufumi/rint-s1-n256: not ready (HTTPError)
[   9032s] furusekazufumi/rint-s1-n256: not ready (HTTPError)
[   9183s] furusekazufumi/rint-s1-n256: not ready (HTTPError)
[   9334s] furusekazufumi/rint-s1-n256: not ready (HTTPError)
[   9484s] furusekazufumi/rint-s1-n256: not ready (HTTPError)
[   9634s] furusekazufumi/rint-s1-n256: not ready (HTTPError)
[   9784s] furusekazufumi/rint-s1-n256: not ready (HTTPError)
[   9935s] furusekazufumi/rint-s1-n256: not ready (HTTPError)
[  10085s] furusekazufumi/rint-s1-n256: not ready (HTTPError)
[  10236s] furusekazufumi/rint-s1-n256: not ready (HTTPError)
[  10386s] furusekazufumi/rint-s1-n256: not ready (HTTPError)
[  10537s] furusekazufumi/rint-s1-n256: not ready (HTTPError)
[  10687s] furusekazufumi/rint-s1-n256: not ready (HTTPError)
[  10837s] furusekazufumi/rint-s1-n256: not ready (HTTPError)
[  10987s] furusekazufumi/rint-s1-n256: not ready (HTTPError)
[  11138s] furusekazufumi/rint-s1-n256: not ready (HTTPError)
[  11288s] furusekazufumi/rint-s1-n256: not ready (HTTPError)
[  11439s] furusekazufumi/rint-s1-n256: not ready (HTTPError)
[  11589s] furusekazufumi/rint-s1-n256: not ready (HTTPError)
[  11739s] furusekazufumi/rint-s1-n256: not ready (HTTPError)
[  11890s] furusekazufumi/rint-s1-n256: not ready (HTTPError)
[  12040s] furusekazufumi/rint-s1-n256: not ready (HTTPError)
[  12191s] furusekazufumi/rint-s1-n256: not ready (HTTPError)
[  12341s] furusekazufumi/rint-s1-n256: not ready (HTTPError)
[  12492s] furusekazufumi/rint-s1-n256: not ready (HTTPError)
[  12642s] furusekazufumi/rint-s1-n256: not ready (HTTPError)
[  12793s] furusekazufumi/rint-s1-n256: not ready (HTTPError)
[  12943s] furusekazufumi/rint-s1-n256: not ready (HTTPError)
[  13093s] furusekazufumi/rint-s1-n256: not ready (HTTPError)
[  13244s] furusekazufumi/rint-s1-n256: not ready (HTTPError)
[  13394s] furusekazufumi/rint-s1-n256: not ready (HTTPError)
[  13545s] furusekazufumi/rint-s1-n256: not ready (HTTPError)
[  13696s] furusekazufumi/rint-s1-n256: not ready (HTTPError)
[  13846s] furusekazufumi/rint-s1-n256: not ready (HTTPError)
[  13997s] furusekazufumi/rint-s1-n256: not ready (HTTPError)
[  14147s] furusekazufumi/rint-s1-n256: not ready (HTTPError)
[  14298s] furusekazufumi/rint-s1-n256: not ready (HTTPError)
[  14448s] furusekazufumi/rint-s1-n256: not ready (HTTPError)
[  14598s] furusekazufumi/rint-s1-n256: not ready (HTTPError)
[  14749s] furusekazufumi/rint-s1-n256: not ready (HTTPError)
[  14899s] furusekazufumi/rint-s1-n256: not ready (HTTPError)
[  15050s] furusekazufumi/rint-s1-n256: not ready (HTTPError)
[  15200s] furusekazufumi/rint-s1-n256: not ready (HTTPError)
[  15351s] furusekazufumi/rint-s1-n256: not ready (HTTPError)
[  15501s] furusekazufumi/rint-s1-n256: not ready (HTTPError)
[  15652s] furusekazufumi/rint-s1-n256: not ready (HTTPError)
[  15802s] furusekazufumi/rint-s1-n256: not ready (HTTPError)
[  15952s] furusekazufumi/rint-s1-n256: not ready (HTTPError)
[  16103s] furusekazufumi/rint-s1-n256: not ready (HTTPError)
[  16253s] furusekazufumi/rint-s1-n256: not ready (HTTPError)
[  16403s] furusekazufumi/rint-s1-n256: not ready (HTTPError)
[  16553s] furusekazufumi/rint-s1-n256: not ready (HTTPError)
[  16704s] furusekazufumi/rint-s1-n256: not ready (HTTPError)
[  16854s] furusekazufumi/rint-s1-n256: not ready (HTTPError)
[  17005s] furusekazufumi/rint-s1-n256: not ready (HTTPError)
[  17155s] furusekazufumi/rint-s1-n256: not ready (HTTPError)
[  17306s] furusekazufumi/rint-s1-n256: not ready (HTTPError)
[  17456s] furusekazufumi/rint-s1-n256: not ready (HTTPError)
[  17607s] furusekazufumi/rint-s1-n256: not ready (HTTPError)
[  17757s] furusekazufumi/rint-s1-n256: not ready (HTTPError)
[  17908s] furusekazufumi/rint-s1-n256: not ready (HTTPError)
[  18058s] furusekazufumi/rint-s1-n256: not ready (HTTPError)
[  18209s] furusekazufumi/rint-s1-n256: not ready (HTTPError)
[  18359s] furusekazufumi/rint-s1-n256: not ready (HTTPError)
[  18510s] furusekazufumi/rint-s1-n256: not ready (HTTPError)
[  18660s] furusekazufumi/rint-s1-n256: not ready (HTTPError)
[  18811s] furusekazufumi/rint-s1-n256: not ready (HTTPError)
[  18961s] furusekazufumi/rint-s1-n256: not ready (HTTPError)
[  19112s] furusekazufumi/rint-s1-n256: not ready (HTTPError)
[  19262s] furusekazufumi/rint-s1-n256: not ready (HTTPError)
[  19413s] furusekazufumi/rint-s1-n256: not ready (HTTPError)
[  19563s] furusekazufumi/rint-s1-n256: not ready (HTTPError)
[  19714s] furusekazufumi/rint-s1-n256: not ready (HTTPError)
[  19864s] furusekazufumi/rint-s1-n256: not ready (HTTPError)
[  20015s] furusekazufumi/rint-s1-n256: not ready (HTTPError)
[  20165s] furusekazufumi/rint-s1-n256: not ready (HTTPError)
[  20315s] furusekazufumi/rint-s1-n256: not ready (HTTPError)
[  20466s] furusekazufumi/rint-s1-n256: not ready (HTTPError)
[  20616s] furusekazufumi/rint-s1-n256: not ready (HTTPError)
[  20766s] furusekazufumi/rint-s1-n256: not ready (HTTPError)
[  20917s] furusekazufumi/rint-s1-n256: not ready (HTTPError)
