[      0s] furusekazufumi/rint-s2-n64: running (no output yet)
[      1s] furusekazufumi/rint-s2-n128: running (no output yet)
[    151s] furusekazufumi/rint-s2-n64: running (no output yet)
[    151s] furusekazufumi/rint-s2-n128: running (no output yet)
[    301s] furusekazufumi/rint-s2-n64: running (no output yet)
[    302s] furusekazufumi/rint-s2-n128: running (no output yet)
[    453s] furusekazufumi/rint-s2-n64: running (no output yet)
[    454s] furusekazufumi/rint-s2-n128: running (no output yet)
[    604s] furusekazufumi/rint-s2-n64: running (no output yet)
[    605s] furusekazufumi/rint-s2-n128: running (no output yet)
[    755s] furusekazufumi/rint-s2-n64: running (no output yet)
[    755s] furusekazufumi/rint-s2-n128: running (no output yet)
[    906s] furusekazufumi/rint-s2-n64: running (no output yet)
[    906s] furusekazufumi/rint-s2-n128: running (no output yet)
[   1057s] furusekazufumi/rint-s2-n64: running (no output yet)
[   1057s] furusekazufumi/rint-s2-n128: running (no output yet)
[   1207s] furusekazufumi/rint-s2-n64: running (no output yet)
[   1208s] furusekazufumi/rint-s2-n128: running (no output yet)
[   1359s] furusekazufumi/rint-s2-n64: running (no output yet)
[   1359s] furusekazufumi/rint-s2-n128: running (no output yet)
[   1510s] furusekazufumi/rint-s2-n64: running (no output yet)
[   1510s] furusekazufumi/rint-s2-n128: running (no output yet)
[   1661s] furusekazufumi/rint-s2-n64: running (no output yet)
[   1661s] furusekazufumi/rint-s2-n128: running (no output yet)
[   1812s] furusekazufumi/rint-s2-n64: running (no output yet)
[   1812s] furusekazufumi/rint-s2-n128: running (no output yet)
[   1963s] furusekazufumi/rint-s2-n64: running (no output yet)
[   1963s] furusekazufumi/rint-s2-n128: running (no output yet)
[   2114s] furusekazufumi/rint-s2-n64: running (no output yet)
[   2114s] furusekazufumi/rint-s2-n128: running (no output yet)
[   2265s] furusekazufumi/rint-s2-n64: running (no output yet)
[   2265s] furusekazufumi/rint-s2-n128: running (no output yet)
[   2416s] furusekazufumi/rint-s2-n64: running (no output yet)
[   2416s] furusekazufumi/rint-s2-n128: running (no output yet)
[   2567s] furusekazufumi/rint-s2-n64: running (no output yet)
[   2567s] furusekazufumi/rint-s2-n128: running (no output yet)
[   2718s] furusekazufumi/rint-s2-n64: running (no output yet)
[   2718s] furusekazufumi/rint-s2-n128: running (no output yet)
[   2869s] furusekazufumi/rint-s2-n64: running (no output yet)
[   2869s] furusekazufumi/rint-s2-n128: running (no output yet)
[   3019s] furusekazufumi/rint-s2-n64: running (no output yet)
[   3020s] furusekazufumi/rint-s2-n128: running (no output yet)
[   3171s] furusekazufumi/rint-s2-n64: running (no output yet)
[   3171s] furusekazufumi/rint-s2-n128: running (no output yet)
[   3322s] furusekazufumi/rint-s2-n64: running (no output yet)
[   3322s] furusekazufumi/rint-s2-n128: running (no output yet)
[   3473s] furusekazufumi/rint-s2-n64: running (no output yet)
[   3473s] furusekazufumi/rint-s2-n128: running (no output yet)
[   3624s] furusekazufumi/rint-s2-n64: running (no output yet)
[   3625s] furusekazufumi/rint-s2-n128: running (no output yet)
[   3775s] furusekazufumi/rint-s2-n64: running (no output yet)
[   3776s] furusekazufumi/rint-s2-n128: running (no output yet)
[   3926s] furusekazufumi/rint-s2-n64: running (no output yet)
[   3927s] furusekazufumi/rint-s2-n128: running (no output yet)
[   4078s] furusekazufumi/rint-s2-n64: running (no output yet)
[   4079s] furusekazufumi/rint-s2-n128: running (no output yet)
[   4229s] furusekazufumi/rint-s2-n64: running (no output yet)
[   4229s] furusekazufumi/rint-s2-n128: running (no output yet)
[   4380s] furusekazufumi/rint-s2-n64: running (no output yet)
[   4380s] furusekazufumi/rint-s2-n128: running (no output yet)
[   4531s] furusekazufumi/rint-s2-n64: running (no output yet)
[   4531s] furusekazufumi/rint-s2-n128: running (no output yet)
[   4682s] furusekazufumi/rint-s2-n64: running (no output yet)
[   4682s] furusekazufumi/rint-s2-n128: running (no output yet)
[   4832s] furusekazufumi/rint-s2-n64: running (no output yet)
[   4833s] furusekazufumi/rint-s2-n128: running (no output yet)
[   4983s] furusekazufumi/rint-s2-n64: running (no output yet)
[   4984s] furusekazufumi/rint-s2-n128: running (no output yet)
[   5134s] furusekazufumi/rint-s2-n64: running (no output yet)
[   5134s] furusekazufumi/rint-s2-n128: running (no output yet)
[   5285s] furusekazufumi/rint-s2-n64: running (no output yet)
[   5285s] furusekazufumi/rint-s2-n128: running (no output yet)
[   5435s] furusekazufumi/rint-s2-n64: running (no output yet)
[   5436s] furusekazufumi/rint-s2-n128: running (no output yet)
[   5586s] furusekazufumi/rint-s2-n64: running (no output yet)
[   5586s] furusekazufumi/rint-s2-n128: running (no output yet)
[   5737s] furusekazufumi/rint-s2-n64: running (no output yet)
[   5737s] furusekazufumi/rint-s2-n128: running (no output yet)
[   5887s] furusekazufumi/rint-s2-n64: running (no output yet)
[   5888s] furusekazufumi/rint-s2-n128: running (no output yet)
[   6038s] furusekazufumi/rint-s2-n64: running (no output yet)
[   6039s] furusekazufumi/rint-s2-n128: running (no output yet)
[   6190s] furusekazufumi/rint-s2-n64: running (no output yet)
[   6190s] furusekazufumi/rint-s2-n128: running (no output yet)
[   6341s] furusekazufumi/rint-s2-n64: running (no output yet)
[   6341s] furusekazufumi/rint-s2-n128: running (no output yet)
[   6491s] furusekazufumi/rint-s2-n64: running (no output yet)
[   6492s] furusekazufumi/rint-s2-n128: running (no output yet)
[   6645s] furusekazufumi/rint-s2-n64: status=done records=208
  wall=6583s for 208 records = 31.6s/record
[   6645s] furusekazufumi/rint-s2-n128: running (no output yet)
[   6795s] furusekazufumi/rint-s2-n128: running (no output yet)
[   6946s] furusekazufumi/rint-s2-n128: running (no output yet)
[   7097s] furusekazufumi/rint-s2-n128: running (no output yet)
[   7247s] furusekazufumi/rint-s2-n128: running (no output yet)
[   7398s] furusekazufumi/rint-s2-n128: running (no output yet)
[   7548s] furusekazufumi/rint-s2-n128: running (no output yet)
[   7699s] furusekazufumi/rint-s2-n128: running (no output yet)
[   7849s] furusekazufumi/rint-s2-n128: running (no output yet)
[   8000s] furusekazufumi/rint-s2-n128: running (no output yet)
[   8151s] furusekazufumi/rint-s2-n128: running (no output yet)
[   8301s] furusekazufumi/rint-s2-n128: running (no output yet)
[   8451s] furusekazufumi/rint-s2-n128: running (no output yet)
[   8602s] furusekazufumi/rint-s2-n128: running (no output yet)
[   8753s] furusekazufumi/rint-s2-n128: running (no output yet)
[   8903s] furusekazufumi/rint-s2-n128: running (no output yet)
[   9054s] furusekazufumi/rint-s2-n128: running (no output yet)
[   9204s] furusekazufumi/rint-s2-n128: running (no output yet)
[   9355s] furusekazufumi/rint-s2-n128: running (no output yet)
[   9505s] furusekazufumi/rint-s2-n128: running (no output yet)
[   9655s] furusekazufumi/rint-s2-n128: running (no output yet)
[   9806s] furusekazufumi/rint-s2-n128: running (no output yet)
[   9956s] furusekazufumi/rint-s2-n128: running (no output yet)
[  10107s] furusekazufumi/rint-s2-n128: running (no output yet)
[  10257s] furusekazufumi/rint-s2-n128: running (no output yet)
[  10408s] furusekazufumi/rint-s2-n128: running (no output yet)
[  10558s] furusekazufumi/rint-s2-n128: running (no output yet)
[  10709s] furusekazufumi/rint-s2-n128: running (no output yet)
[  10859s] furusekazufumi/rint-s2-n128: running (no output yet)
[  11010s] furusekazufumi/rint-s2-n128: running (no output yet)
[  11160s] furusekazufumi/rint-s2-n128: running (no output yet)
[  11311s] furusekazufumi/rint-s2-n128: running (no output yet)
[  11461s] furusekazufumi/rint-s2-n128: running (no output yet)
[  11612s] furusekazufumi/rint-s2-n128: running (no output yet)
