=== EXP3 clip verdict-flip + null-ridge FPR (full) ===
n_seeds=15 n_evals=60 honest_n=8 n_tr=16 grid_k=12 null_seeds=[20260701, 20260801, 20260901, 20261001]

[G3] gate sanity: known_pos_passes=True known_null_fpr=0.028 valid=True

[verdict-flip] task=addition clip=True ...
[verdict-flip] task=addition clip=False ...
  addition: clip=True LB=False (beaten=1/3)  clip=False LB=False (beaten=0/3)  flip=False
[verdict-flip] task=flip_flop clip=True ...
[verdict-flip] task=flip_flop clip=False ...
  flip_flop: clip=True LB=False (beaten=0/3)  clip=False LB=False (beaten=0/3)  flip=False
[null-ridge FPR] clip=True ...
    null[0] seed=20260701 clip=True: LB=False beaten=0/3 me_mean=0.0122
    null[1] seed=20260801 clip=True: LB=False beaten=0/3 me_mean=0.0040
    null[2] seed=20260901 clip=True: LB=False beaten=0/3 me_mean=0.0081
    null[3] seed=20261001 clip=True: LB=False beaten=0/3 me_mean=0.0068
[null-ridge FPR] clip=False ...
    null[0] seed=20260701 clip=False: LB=False beaten=0/3 me_mean=-0.5671
    null[1] seed=20260801 clip=False: LB=False beaten=0/3 me_mean=-0.5111
    null[2] seed=20260901 clip=False: LB=False beaten=0/3 me_mean=-0.5093
    null[3] seed=20261001 clip=False: LB=False beaten=0/3 me_mean=-0.5326

[exp3] wrote D:\projects\llcore\research\step_d_settle\exp3_clip_flip\exp3_clip_flip_results.json  (total 1202.911s, RunGuard 1202.914s)
[exp3] verdict = null_confirmed_at_power
[exp3] K4 反証/降格: clip=False でも③ verdict-flip が起きない (spread 平坦化は診断量だが verdict は変えない) → K4 を『唯一の能動的 suppression 機序』から『spread を潰すが verdict 非 load-bearing な診断的所見』に降格。
[exp3] src_unchanged=True changed=[]
