=== EXP1 proper-n 再検定 (smoke=False layer=b B=5000) ===
n_sweep=[15, 30, 64, 82, 128, 169, 255] alpha=0.05 min_effect=0.147 CRN_seed=20260601
[G3] power-engine: null=0.023 big=1.000 cg4b_n15=0.593 cg4b_n30=0.842 VALID=True

--- B 層: fresh 真再走 (chunked-resumable) ---
  [B/C-gen4b] seed 0: mape=0.7207 rnd=0.7930 diff=-0.0723 (n_done=1)
  [B/C-gen4b] seed 1: mape=0.6377 rnd=0.6614 diff=-0.0237 (n_done=2)
  [B/C-gen4b] seed 2: mape=0.3949 rnd=0.6320 diff=-0.2371 (n_done=3)
  [B/C-gen4b] seed 3: mape=0.5913 rnd=0.7220 diff=-0.1307 (n_done=4)
  [B/C-gen4b] seed 4: mape=0.7461 rnd=0.4585 diff=+0.2875 (n_done=5)
  [B/C-gen4b] seed 5: mape=0.7000 rnd=0.6610 diff=+0.0390 (n_done=6)
  [B/C-gen4b] seed 6: mape=0.5108 rnd=0.5662 diff=-0.0555 (n_done=7)
  [B/C-gen4b] seed 7: mape=0.8097 rnd=0.6952 diff=+0.1145 (n_done=8)
  [B/C-gen4b] seed 8: mape=0.7531 rnd=0.4582 diff=+0.2949 (n_done=9)
  [B/C-gen4b] seed 9: mape=0.7931 rnd=0.6542 diff=+0.1389 (n_done=10)
  [B/C-gen4b] seed 10: mape=0.8118 rnd=0.4581 diff=+0.3537 (n_done=11)
  [B/C-gen4b] seed 11: mape=0.7323 rnd=0.7197 diff=+0.0126 (n_done=12)
  [B/C-gen4b] seed 12: mape=0.7445 rnd=0.5753 diff=+0.1691 (n_done=13)
  [B/C-gen4b] seed 13: mape=0.5666 rnd=0.7256 diff=-0.1590 (n_done=14)
  [B/C-gen4b] seed 14: mape=0.7206 rnd=0.5145 diff=+0.2061 (n_done=15)
  [B/C-gen4b] chunk 予算到達 (820.0s) → 中断 (n_done=15)
  [B/C-gen4b] n_done=15 (chunk 866.7s)

--- fresh 評価 (full gate) ---
  C-gen4b_MAPE_vs_random: n=15 diff=+0.0625 p=0.1262 psd=+0.200 pass=False

=== 3 値判定 ===
  C-gen4b_MAPE_vs_random: [still_inconclusive]
     psd_obs=+0.000 (床 0.147 以上だが中効果帯)、P(|psd|>=床) 上限=0.000<0.80 → psd 床が構造的律速、full gate の効果量条件が n を上げても飽和して 0.80 power に届かない (中効果ゆえ psd 床が binding = honest negative)。 fresh n=15 で gate_pass=False, diff=0.06254864753354647.
  flip_flop_MAPE_vs_random: [still_inconclusive]
     psd_obs=+0.000 (床 0.147 以上だが中効果帯)、P(|psd|>=床) 上限=0.000<0.80 → psd 床が構造的律速、full gate の効果量条件が n を上げても飽和して 0.80 power に届かない (中効果ゆえ psd 床が binding = honest negative)。 (fresh 未到達/不足)
  flip_flop_MAPE_vs_rr_hillclimb: [still_inconclusive]
     psd_obs=+0.000 (床 0.147 以上だが中効果帯)、P(|psd|>=床) 上限=0.000<0.80 → psd 床が構造的律速、full gate の効果量条件が n を上げても飽和して 0.80 power に届かない (中効果ゆえ psd 床が binding = honest negative)。 (fresh 未到達/不足)

[exp1] wrote D:\projects\llcore\research\step_d_settle\exp1_proper_n\exp1_repower_proper_n_results.json  (868.946s, G1<900=True, src_unchanged=True)
